src/app/api/webhooks/stripe/route.ts(6,3): error TS2322: Type '"2025-02-24.acacia"' is not assignable to type '"2026-05-27.dahlia"'.
src/utils/web3/BaseService.ts(16,47): error TS2339: Property 'ethereum' does not exist on type 'Window & typeof globalThis'.
src/utils/web3/BaseService.ts(19,32): error TS2339: Property 'ethereum' does not exist on type 'Window & typeof globalThis'.
